// Jest Snapshot v1, https://goo.gl/fbAQLP

exports[`Task Render porperly 1`] = `ShallowWrapper {}`;
